// Jest Snapshot v1, https://goo.gl/fbAQLP

exports[`RoomPage should render correctly 1`] = `
<div>
  <div
    class="page"
  >
    <header
      class="header"
    >
      <div
        class="container"
      >
        <div
          class="header__wrapper"
        >
          <div
            class="header__left"
          >
            <a
              class="header__logo-link"
              href="/"
            >
              <img
                alt="6 cities logo"
                class="header__logo"
                height="81"
                src="img/logo.svg"
                width="81"
              />
            </a>
          </div>
          <nav
            class="header__nav"
          >
            <ul
              class="header__nav-list"
            >
              <li
                class="header__nav-item user"
              >
                <a
                  class="header__nav-link header__nav-link--profile"
                  href="/login"
                >
                  <div
                    class="header__avatar-wrapper user__avatar-wrapper"
                  />
                  <span
                    class="header__login"
                  >
                    Sign in
                  </span>
                </a>
              </li>
            </ul>
          </nav>
        </div>
      </div>
    </header>
    <main
      class="page__main page__main--property"
    >
      <section
        class="property"
      >
        <div
          class="property__gallery-container container"
        >
          <div
            class="property__gallery"
          >
            <div
              class="property__image-wrapper"
            >
              <img
                alt="Photo studio"
                class="property__image"
                src="https://assets.htmlacademy.ru/intensives/javascript-3/hotel/8.jpg"
              />
            </div>
            <div
              class="property__image-wrapper"
            >
              <img
                alt="Photo studio"
                class="property__image"
                src="https://assets.htmlacademy.ru/intensives/javascript-3/hotel/11.jpg"
              />
            </div>
            <div
              class="property__image-wrapper"
            >
              <img
                alt="Photo studio"
                class="property__image"
                src="https://assets.htmlacademy.ru/intensives/javascript-3/hotel/10.jpg"
              />
            </div>
            <div
              class="property__image-wrapper"
            >
              <img
                alt="Photo studio"
                class="property__image"
                src="https://assets.htmlacademy.ru/intensives/javascript-3/hotel/19.jpg"
              />
            </div>
            <div
              class="property__image-wrapper"
            >
              <img
                alt="Photo studio"
                class="property__image"
                src="https://assets.htmlacademy.ru/intensives/javascript-3/hotel/9.jpg"
              />
            </div>
            <div
              class="property__image-wrapper"
            >
              <img
                alt="Photo studio"
                class="property__image"
                src="https://assets.htmlacademy.ru/intensives/javascript-3/hotel/3.jpg"
              />
            </div>
          </div>
        </div>
        <div
          class="property__container container"
        >
          <div
            class="property__wrapper"
          >
            <div
              class="property__name-wrapper"
            >
              <h1
                class="property__name"
              >
                The house among olive
              </h1>
              <button
                class="property__bookmark-button  button"
                type="button"
              >
                <svg
                  class="property__bookmark-icon"
                  height="33"
                  width="31"
                >
                  <use
                    xlink:href="#icon-bookmark"
                  />
                </svg>
                <span
                  class="visually-hidden"
                >
                  To bookmarks
                </span>
              </button>
            </div>
            <div
              class="property__rating rating"
            >
              <div
                class="property__stars rating__stars"
              >
                <span
                  style="width: 88%;"
                />
                <span
                  class="visually-hidden"
                >
                  Rating
                </span>
              </div>
              <span
                class="property__rating-value rating__value"
              >
                4.4
              </span>
            </div>
            <ul
              class="property__features"
            >
              <li
                class="property__feature property__feature--entire"
              >
                room
              </li>
              <li
                class="property__feature property__feature--bedrooms"
              >
                1 Bedrooms
              </li>
              <li
                class="property__feature property__feature--adults"
              >
                Max 1 adults
              </li>
            </ul>
            <div
              class="property__price"
            >
              <b
                class="property__price-value"
              >
                €
                159
              </b>
              <span
                class="property__price-text"
              >
                 night
              </span>
            </div>
            <div
              class="property__inside"
            >
              <h2
                class="property__inside-title"
              >
                What's inside
              </h2>
              <ul
                class="property__inside-list"
              >
                <li
                  class="property__inside-item"
                >
                  Laptop friendly workspace
                </li>
              </ul>
            </div>
            <div
              class="property__host"
            >
              <h2
                class="property__host-title"
              >
                Meet the host
              </h2>
              <div
                class="property__host-user user"
              >
                <div
                  class="property__avatar-wrapper property__avatar-wrapper--pro user__avatar-wrapper"
                >
                  <img
                    alt="Host avatar"
                    class="property__avatar user__avatar"
                    height="74"
                    src="img/avatar-angelina.jpg"
                    width="74"
                  />
                </div>
                <span
                  class="property__user-name"
                >
                  Angelina
                </span>
                <span
                  class="property__user-status"
                >
                  Pro
                </span>
              </div>
              <div
                class="property__description"
              >
                <p
                  class="property__text"
                >
                  Design interior in most sympathetic area! Complitely renovated, well-equipped, cosy studio in idyllic, over 100 years old wooden house. Calm street, fast connection to center and airport.
                </p>
              </div>
            </div>
            <section
              class="property__reviews reviews"
            >
              <h2
                class="reviews__title"
              >
                Reviews · 
                <span
                  class="reviews__amount"
                >
                  2
                </span>
              </h2>
              <ul
                class="reviews__list"
              >
                <li
                  class="reviews__item"
                >
                  <div
                    class="reviews__user user"
                  >
                    <div
                      class="reviews__avatar-wrapper  user__avatar-wrapper"
                    >
                      <img
                        alt="Reviews avatar"
                        class="reviews__avatar user__avatar"
                        height="54"
                        src="https://assets.htmlacademy.ru/intensives/javascript-3/avatar/9.jpg"
                        width="54"
                      />
                    </div>
                    <span
                      class="reviews__user-name"
                    >
                      Sophie
                    </span>
                  </div>
                  <div
                    class="reviews__info"
                  >
                    <div
                      class="reviews__rating rating"
                    >
                      <div
                        class="reviews__stars rating__stars"
                      >
                        <span
                          style="width: 40%;"
                        />
                        <span
                          class="visually-hidden"
                        >
                          Rating
                        </span>
                      </div>
                    </div>
                    <p
                      class="reviews__text"
                    >
                      Beautiful space, fantastic location and atmosphere, really a wonderful place to spend a few days. Will be back.
                    </p>
                    <time
                      class="reviews__time"
                      datetime="2021-03-07"
                    >
                      March 2021
                    </time>
                  </div>
                </li>
                <li
                  class="reviews__item"
                >
                  <div
                    class="reviews__user user"
                  >
                    <div
                      class="reviews__avatar-wrapper  user__avatar-wrapper"
                    >
                      <img
                        alt="Reviews avatar"
                        class="reviews__avatar user__avatar"
                        height="54"
                        src="https://assets.htmlacademy.ru/intensives/javascript-3/avatar/6.jpg"
                        width="54"
                      />
                    </div>
                    <span
                      class="reviews__user-name"
                    >
                      Kendall
                    </span>
                  </div>
                  <div
                    class="reviews__info"
                  >
                    <div
                      class="reviews__rating rating"
                    >
                      <div
                        class="reviews__stars rating__stars"
                      >
                        <span
                          style="width: 80%;"
                        />
                        <span
                          class="visually-hidden"
                        >
                          Rating
                        </span>
                      </div>
                    </div>
                    <p
                      class="reviews__text"
                    >
                      What an amazing view! The house is stunning and in an amazing location. The large glass wall had an amazing view of the river!
                    </p>
                    <time
                      class="reviews__time"
                      datetime="2021-03-07"
                    >
                      March 2021
                    </time>
                  </div>
                </li>
              </ul>
            </section>
          </div>
        </div>
        <section
          class="property__map map"
        >
          <div
            class="leaflet-container leaflet-grab leaflet-touch-drag"
            id="map"
            style="height: 579px; position: relative;"
            tabindex="0"
          >
            <div
              class="leaflet-pane leaflet-map-pane"
              style="left: 0px; top: 0px;"
            >
              <div
                class="leaflet-pane leaflet-tile-pane"
              >
                <div
                  class="leaflet-layer "
                  style="z-index: 1;"
                >
                  <div
                    class="leaflet-tile-container leaflet-zoom-animated"
                    style="z-index: 18; left: 0px; top: 0px;"
                  >
                    <img
                      alt=""
                      class="leaflet-tile"
                      role="presentation"
                      src="https://b.basemaps.cartocdn.com/rastertiles/voyager/16/33194/22544.png"
                      style="width: 256px; height: 256px; left: -19px; top: -220px;"
                    />
                  </div>
                </div>
              </div>
              <div
                class="leaflet-pane leaflet-shadow-pane"
              />
              <div
                class="leaflet-pane leaflet-overlay-pane"
              />
              <div
                class="leaflet-pane leaflet-marker-pane"
              >
                <img
                  alt=""
                  class="leaflet-marker-icon leaflet-zoom-hide leaflet-interactive"
                  src="./img/pin-active.svg"
                  style="margin-left: -15px; margin-top: -15px; width: 30px; height: 30px; left: 0px; top: 0px; z-index: 0;"
                  tabindex="0"
                />
                <img
                  alt=""
                  class="leaflet-marker-icon leaflet-zoom-hide leaflet-interactive"
                  src="./img/pin.svg"
                  style="margin-left: -15px; margin-top: -15px; width: 30px; height: 30px; left: 93px; top: -496px; z-index: -496;"
                  tabindex="0"
                />
                <img
                  alt=""
                  class="leaflet-marker-icon leaflet-zoom-hide leaflet-interactive"
                  src="./img/pin.svg"
                  style="margin-left: -15px; margin-top: -15px; width: 30px; height: 30px; left: -466px; top: 212px; z-index: 212;"
                  tabindex="0"
                />
                <img
                  alt=""
                  class="leaflet-marker-icon leaflet-zoom-hide leaflet-interactive"
                  src="./img/pin.svg"
                  style="margin-left: -15px; margin-top: -15px; width: 30px; height: 30px; left: 466px; top: -283px; z-index: -283;"
                  tabindex="0"
                />
              </div>
              <div
                class="leaflet-pane leaflet-tooltip-pane"
              />
              <div
                class="leaflet-pane leaflet-popup-pane"
              />
            </div>
            <div
              class="leaflet-control-container"
            >
              <div
                class="leaflet-top leaflet-left"
              >
                <div
                  class="leaflet-control-zoom leaflet-bar leaflet-control"
                >
                  <a
                    aria-label="Zoom in"
                    class="leaflet-control-zoom-in"
                    href="#"
                    role="button"
                    title="Zoom in"
                  >
                    +
                  </a>
                  <a
                    aria-label="Zoom out"
                    class="leaflet-control-zoom-out"
                    href="#"
                    role="button"
                    title="Zoom out"
                  >
                    −
                  </a>
                </div>
              </div>
              <div
                class="leaflet-top leaflet-right"
              />
              <div
                class="leaflet-bottom leaflet-left"
              />
              <div
                class="leaflet-bottom leaflet-right"
              >
                <div
                  class="leaflet-control-attribution leaflet-control"
                >
                  <a
                    href="https://leafletjs.com"
                    title="A JS library for interactive maps"
                  >
                    Leaflet
                  </a>
                   | © 
                  <a
                    href="https://www.openstreetmap.org/copyright"
                  >
                    OpenStreetMap
                  </a>
                   contributors © 
                  <a
                    href="https://carto.com/attributions"
                  >
                    CARTO
                  </a>
                </div>
              </div>
            </div>
          </div>
        </section>
        <div
          class="container"
        >
          <section
            class="near-places places"
          >
            <h2
              class="near-places__title"
            >
              Other places in the neighbourhood
            </h2>
            <div
              class="near-places__list places__list"
            >
              <article
                class="near-places__card place-card"
                data-cart-id="103"
              >
                <div
                  class="near-places__image-wrapper place-card__image-wrapper"
                >
                  <a
                    href="/offer/103"
                  >
                    <img
                      alt="Place image"
                      class="place-card__image"
                      height="200"
                      src="https://assets.htmlacademy.ru/intensives/javascript-3/hotel/19.jpg"
                      width="260"
                    />
                  </a>
                </div>
                <div
                  class=" place-card__info"
                >
                  <div
                    class="place-card__price-wrapper"
                  >
                    <div
                      class="place-card__price"
                    >
                      <b
                        class="place-card__price-value"
                      >
                        €
                        295
                      </b>
                      <span
                        class="place-card__price-text"
                      >
                        / night
                      </span>
                    </div>
                    <button
                      class="place-card__bookmark-button  button"
                      type="button"
                    >
                      <svg
                        class="place-card__bookmark-icon"
                        height="19"
                        width="18"
                      >
                        <use
                          xlink:href="#icon-bookmark"
                        />
                      </svg>
                      <span
                        class="visually-hidden"
                      >
                        To bookmarks
                      </span>
                    </button>
                  </div>
                  <div
                    class="place-card__rating rating"
                  >
                    <div
                      class="place-card__stars rating__stars"
                    >
                      <span
                        style="width: 56%;"
                      />
                      <span
                        class="visually-hidden"
                      >
                        Rating
                      </span>
                    </div>
                  </div>
                  <h2
                    class="place-card__name"
                  >
                    <a
                      href="/offer/103"
                    >
                      The Pondhouse - A Magical Place
                    </a>
                  </h2>
                  <p
                    class="place-card__type"
                  >
                    hotel
                  </p>
                </div>
              </article>
              <article
                class="near-places__card place-card"
                data-cart-id="102"
              >
                <div
                  class="near-places__image-wrapper place-card__image-wrapper"
                >
                  <a
                    href="/offer/102"
                  >
                    <img
                      alt="Place image"
                      class="place-card__image"
                      height="200"
                      src="https://assets.htmlacademy.ru/intensives/javascript-3/hotel/6.jpg"
                      width="260"
                    />
                  </a>
                </div>
                <div
                  class=" place-card__info"
                >
                  <div
                    class="place-card__price-wrapper"
                  >
                    <div
                      class="place-card__price"
                    >
                      <b
                        class="place-card__price-value"
                      >
                        €
                        123
                      </b>
                      <span
                        class="place-card__price-text"
                      >
                        / night
                      </span>
                    </div>
                    <button
                      class="place-card__bookmark-button  button"
                      type="button"
                    >
                      <svg
                        class="place-card__bookmark-icon"
                        height="19"
                        width="18"
                      >
                        <use
                          xlink:href="#icon-bookmark"
                        />
                      </svg>
                      <span
                        class="visually-hidden"
                      >
                        To bookmarks
                      </span>
                    </button>
                  </div>
                  <div
                    class="place-card__rating rating"
                  >
                    <div
                      class="place-card__stars rating__stars"
                    >
                      <span
                        style="width: 88%;"
                      />
                      <span
                        class="visually-hidden"
                      >
                        Rating
                      </span>
                    </div>
                  </div>
                  <h2
                    class="place-card__name"
                  >
                    <a
                      href="/offer/102"
                    >
                      Waterfront with extraordinary view
                    </a>
                  </h2>
                  <p
                    class="place-card__type"
                  >
                    room
                  </p>
                </div>
              </article>
              <article
                class="near-places__card place-card"
                data-cart-id="33"
              >
                <div
                  class="near-places__image-wrapper place-card__image-wrapper"
                >
                  <a
                    href="/offer/33"
                  >
                    <img
                      alt="Place image"
                      class="place-card__image"
                      height="200"
                      src="https://assets.htmlacademy.ru/intensives/javascript-3/hotel/17.jpg"
                      width="260"
                    />
                  </a>
                </div>
                <div
                  class=" place-card__info"
                >
                  <div
                    class="place-card__price-wrapper"
                  >
                    <div
                      class="place-card__price"
                    >
                      <b
                        class="place-card__price-value"
                      >
                        €
                        560
                      </b>
                      <span
                        class="place-card__price-text"
                      >
                        / night
                      </span>
                    </div>
                    <button
                      class="place-card__bookmark-button  button"
                      type="button"
                    >
                      <svg
                        class="place-card__bookmark-icon"
                        height="19"
                        width="18"
                      >
                        <use
                          xlink:href="#icon-bookmark"
                        />
                      </svg>
                      <span
                        class="visually-hidden"
                      >
                        To bookmarks
                      </span>
                    </button>
                  </div>
                  <div
                    class="place-card__rating rating"
                  >
                    <div
                      class="place-card__stars rating__stars"
                    >
                      <span
                        style="width: 60%;"
                      />
                      <span
                        class="visually-hidden"
                      >
                        Rating
                      </span>
                    </div>
                  </div>
                  <h2
                    class="place-card__name"
                  >
                    <a
                      href="/offer/33"
                    >
                      Wood and stone place
                    </a>
                  </h2>
                  <p
                    class="place-card__type"
                  >
                    house
                  </p>
                </div>
              </article>
            </div>
          </section>
        </div>
      </section>
    </main>
  </div>
</div>
`;
